AWJ_CODE:
  🏆 最佳 class_weight    AUC: 0.656  F1: 0.298  查准率: 0.203  召回率: 0.562  准确率: 0.662
    #2 smote           AUC: 0.647  F1: 0.157  查准率: 0.198  召回率: 0.131  准确率: 0.821
    #3 threshold       AUC: 0.646  F1: 0.277  查准率: 0.165  召回率: 0.846  准确率: 0.435
    #4 baseline        AUC: 0.646  F1: 0.000  查准率: 0.000  召回率: 0.000  准确率: 0.872
    #5 combine         AUC: 0.642  F1: 0.162  查准率: 0.212  召回率: 0.131  准确率: 0.827

LXJ_CODE:
  🏆 最佳 combine         AUC: 0.671  F1: 0.097  查准率: 0.072  召回率: 0.150  准确率: 0.897
    #2 class_weight    AUC: 0.671  F1: 0.110  查准率: 0.061  召回率: 0.562  准确率: 0.665
    #3 threshold       AUC: 0.667  F1: 0.035  查准率: 0.179  召回率: 0.019  准确率: 0.961
    #4 baseline        AUC: 0.667  F1: 0.008  查准率: 1.000  召回率: 0.004  准确率: 0.963
    #5 smote           AUC: 0.666  F1: 0.099  查准率: 0.071  召回率: 0.162  准确率: 0.891

HXQB_CODE:
  🏆 最佳 class_weight    AUC: 0.594  F1: 0.097  查准率: 0.068  召回率: 0.165  准确率: 0.841
    #2 combine         AUC: 0.592  F1: 0.036  查准率: 0.051  召回率: 0.028  准确率: 0.923
    #3 smote           AUC: 0.586  F1: 0.048  查准率: 0.071  召回率: 0.037  准确率: 0.926
    #4 threshold       AUC: 0.585  F1: 0.055  查准率: 0.068  召回率: 0.046  准确率: 0.918
    #5 baseline        AUC: 0.585  F1: 0.000  查准率: 0.000  召回率: 0.000  准确率: 0.948

YXM_CODE:
  🏆 最佳 class_weight    AUC: 0.589  F1: 0.198  查准率: 0.125  召回率: 0.477  准确率: 0.664
    #2 smote           AUC: 0.589  F1: 0.198  查准率: 0.125  召回率: 0.477  准确率: 0.664
    #3 combine         AUC: 0.589  F1: 0.198  查准率: 0.125  召回率: 0.477  准确率: 0.664
    #4 threshold       AUC: 0.589  F1: 0.163  查准率: 0.172  召回率: 0.155  准确率: 0.862
    #5 baseline        AUC: 0.589  F1: 0.000  查准率: 0.000  召回率: 0.000  准确率: 0.913

XYF_CODE:
  🏆 最佳 combine         AUC: 0.742  F1: 0.229  查准率: 0.421  召回率: 0.157  准确率: 0.809
    #2 threshold       AUC: 0.725  F1: 0.437  查准率: 0.303  召回率: 0.784  准确率: 0.636
    #3 baseline        AUC: 0.725  F1: 0.000  查准率: 0.000  召回率: 0.000  准确率: 0.820
    #4 smote           AUC: 0.725  F1: 0.222  查准率: 0.381  召回率: 0.157  准确率: 0.802
    #5 class_weight    AUC: 0.710  F1: 0.359  查准率: 0.299  召回率: 0.451  准确率: 0.710

JY_CODE:
  🏆 最佳 threshold       AUC: 0.699  F1: 0.243  查准率: 0.175  召回率: 0.400  准确率: 0.789
    #2 baseline        AUC: 0.699  F1: 0.000  查准率: 0.000  召回率: 0.000  准确率: 0.915
    #3 smote           AUC: 0.679  F1: 0.066  查准率: 0.096  召回率: 0.050  准确率: 0.880
    #4 class_weight    AUC: 0.678  F1: 0.169  查准率: 0.137  召回率: 0.220  准确率: 0.816
    #5 combine         AUC: 0.671  F1: 0.103  查准率: 0.143  召回率: 0.080  准确率: 0.881

RONG_CODE:
  🏆 最佳 smote           AUC: 0.649  F1: 0.133  查准率: 0.112  召回率: 0.163  准确率: 0.872
    #2 combine         AUC: 0.648  F1: 0.140  查准率: 0.118  召回率: 0.173  准确率: 0.873
    #3 class_weight    AUC: 0.648  F1: 0.161  查准率: 0.100  召回率: 0.416  准确率: 0.740
    #4 threshold       AUC: 0.645  F1: 0.045  查准率: 0.169  召回率: 0.026  准确率: 0.934
    #5 baseline        AUC: 0.645  F1: 0.000  查准率: 0.000  召回率: 0.000  准确率: 0.940